[[1;32mINFO[0m   ] [Logger      ] Record log in /home/cim/.kivy/logs/kivy_25-07-12_0.txt
[[1;32mINFO[0m   ] [Kivy        ] v2.3.0
[[1;32mINFO[0m   ] [Kivy        ] Installed at "/home/cim/Desktop/cim_project/.venv/lib/python3.11/site-packages/kivy/__init__.py"
[[1;32mINFO[0m   ] [Python      ] v3.11.0rc1 (main, Aug 12 2022, 10:02:14) [GCC 11.2.0]
[[1;32mINFO[0m   ] [Python      ] Interpreter at "/home/cim/Desktop/cim_project/.venv/bin/python"
[[1;32mINFO[0m   ] [Logger      ] Purge log fired. Processing...
[[1;32mINFO[0m   ] [Logger      ] Purge finished!
[[1;32mINFO[0m   ] [Factory     ] 195 symbols loaded
[[1;32mINFO[0m   ] [Image       ] Providers: img_tex, img_dds, img_sdl2, img_pil (img_ffpyplayer ignored)
[[1;32mINFO[0m   ] [KivyMD      ] 1.2.0, git-Unknown, 2024-06-08 (installed at "/home/cim/Desktop/cim_project/.venv/lib/python3.11/site-packages/kivymd/__init__.py")
[[1;33mWARNING[0m] [KivyMD      ] Version 1.2.0 is deprecated and is no longer supported. Use KivyMD version 2.0.0 from the master branch (pip install https://github.com/kivymd/KivyMD/archive/master.zip)
[[1;32mINFO[0m   ] [Text        ] Provider: sdl2
[[1;32mINFO[0m   ] [Window      ] Provider: sdl2
[[1;32mINFO[0m   ] [GL          ] Using the "OpenGL" graphics system
[[1;32mINFO[0m   ] [GL          ] Backend used <sdl2>
[[1;32mINFO[0m   ] [GL          ] OpenGL version <b'4.6 (Compatibility Profile) Mesa 23.2.1-1ubuntu3.1~22.04.2'>
[[1;32mINFO[0m   ] [GL          ] OpenGL vendor <b'Intel'>
[[1;32mINFO[0m   ] [GL          ] OpenGL renderer <b'Mesa Intel(R) UHD Graphics (TGL GT2)'>
[[1;32mINFO[0m   ] [GL          ] OpenGL parsed version: 4, 6
[[1;32mINFO[0m   ] [GL          ] Shading version <b'4.60'>
[[1;32mINFO[0m   ] [GL          ] Texture max size <16384>
[[1;32mINFO[0m   ] [GL          ] Texture max units <32>
[[1;32mINFO[0m   ] [Window      ] auto add sdl2 input provider
[[1;32mINFO[0m   ] [Window      ] virtual keyboard not allowed, single mode, not docked
[[1;32mINFO[0m   ] [Video       ] Provider: null(['video_ffmpeg', 'video_ffpyplayer'] ignored)
[[1;32mINFO[0m   ] [Clipboard   ] Provider: sdl2(['clipboard_xclip', 'clipboard_xsel', 'clipboard_dbusklipper', 'clipboard_gtk3'] ignored)
[[1;31mCRITICAL[0m] [Cutbuffer   ] Unable to find any valuable Cutbuffer provider. Please enable debug logging (e.g. add -d if running from the command line, or change the log level in the config) and re-run your app to identify potential causes
xclip - FileNotFoundError: [Errno 2] No such file or directory: 'xclip'
  File "/home/cim/Desktop/cim_project/.venv/lib/python3.11/site-packages/kivy/core/__init__.py", line 59, in core_select_lib
    mod = importlib.__import__(name='{2}.{0}.{1}'.format(
          ^^^^^^^^^^^^^^^^^^^^^^^^^^^^^^^^^^^^^^^^^^^^^^^
  File "<frozen importlib._bootstrap>", line 1285, in __import__
  File "<frozen importlib._bootstrap>", line 1206, in _gcd_import
  File "<frozen importlib._bootstrap>", line 1178, in _find_and_load
  File "<frozen importlib._bootstrap>", line 1149, in _find_and_load_unlocked
  File "<frozen importlib._bootstrap>", line 690, in _load_unlocked
  File "<frozen importlib._bootstrap_external>", line 940, in exec_module
  File "<frozen importlib._bootstrap>", line 241, in _call_with_frames_removed
  File "/home/cim/Desktop/cim_project/.venv/lib/python3.11/site-packages/kivy/core/clipboard/clipboard_xclip.py", line 17, in <module>
    p = subprocess.Popen(['xclip', '-version'], stdout=subprocess.PIPE,
        ^^^^^^^^^^^^^^^^^^^^^^^^^^^^^^^^^^^^^^^^^^^^^^^^^^^^^^^^^^^^^^^
  File "/usr/lib/python3.11/subprocess.py", line 1022, in __init__
    self._execute_child(args, executable, preexec_fn, close_fds,
  File "/usr/lib/python3.11/subprocess.py", line 1899, in _execute_child
    raise child_exception_type(errno_num, err_msg, err_filename)

xsel - FileNotFoundError: [Errno 2] No such file or directory: 'xsel'
  File "/home/cim/Desktop/cim_project/.venv/lib/python3.11/site-packages/kivy/core/__init__.py", line 59, in core_select_lib
    mod = importlib.__import__(name='{2}.{0}.{1}'.format(
          ^^^^^^^^^^^^^^^^^^^^^^^^^^^^^^^^^^^^^^^^^^^^^^^
  File "<frozen importlib._bootstrap>", line 1285, in __import__
  File "<frozen importlib._bootstrap>", line 1206, in _gcd_import
  File "<frozen importlib._bootstrap>", line 1178, in _find_and_load
  File "<frozen importlib._bootstrap>", line 1149, in _find_and_load_unlocked
  File "<frozen importlib._bootstrap>", line 690, in _load_unlocked
  File "<frozen importlib._bootstrap_external>", line 940, in exec_module
  File "<frozen importlib._bootstrap>", line 241, in _call_with_frames_removed
  File "/home/cim/Desktop/cim_project/.venv/lib/python3.11/site-packages/kivy/core/clipboard/clipboard_xsel.py", line 16, in <module>
    p = subprocess.Popen(['xsel'], stdout=subprocess.PIPE)
        ^^^^^^^^^^^^^^^^^^^^^^^^^^^^^^^^^^^^^^^^^^^^^^^^^^
  File "/usr/lib/python3.11/subprocess.py", line 1022, in __init__
    self._execute_child(args, executable, preexec_fn, close_fds,
  File "/usr/lib/python3.11/subprocess.py", line 1899, in _execute_child
    raise child_exception_type(errno_num, err_msg, err_filename)

(Not all processes could be identified, non-owned process info
 will not be shown, you would have to be root to see it all.)
[[1;32mINFO[0m   ] [GL          ] NPOT texture support is available
WARNING: running xinput against an Xwayland server. See the xinput man page for details.
WARNING: running xinput against an Xwayland server. See the xinput man page for details.
WARNING: running xinput against an Xwayland server. See the xinput man page for details.
WARNING: running xinput against an Xwayland server. See the xinput man page for details.
WARNING: running xinput against an Xwayland server. See the xinput man page for details.
WARNING: running xinput against an Xwayland server. See the xinput man page for details.
WARNING: running xinput against an Xwayland server. See the xinput man page for details.
WARNING: running xinput against an Xwayland server. See the xinput man page for details.
WARNING: running xinput against an Xwayland server. See the xinput man page for details.
[[1;32mINFO[0m   ] [ProbeSysfs  ] device match: /dev/input/event9
[[1;32mINFO[0m   ] [MTD         ] Read event from </dev/input/event9>
[[1;32mINFO[0m   ] [Base        ] Start application main loop
[[1;33mWARNING[0m] [MTD         ] Unable to open device "/dev/input/event9". Please ensure you have the appropriate permissions.
pygame 2.5.2 (SDL 2.28.2, Python 3.11.0)
Hello from the pygame community. https://www.pygame.org/contribute.html
main.py started
Port 5006 is not in use.
Skipping line: tcp        0      0 0.0.0.0:49823           0.0.0.0:*               LISTEN      -                   . PID and program name not found.
Skipping line: tcp        0      0 0.0.0.0:53535           0.0.0.0:*               LISTEN      -                   . PID and program name not found.
Skipping line: tcp        0      0 127.0.0.53:53           0.0.0.0:*               LISTEN      -                   . PID and program name not found.
Skipping line: tcp        0      0 0.0.0.0:111             0.0.0.0:*               LISTEN      -                   . PID and program name not found.
Skipping line: tcp        0      0 0.0.0.0:32793           0.0.0.0:*               LISTEN      -                   . PID and program name not found.
Skipping line: tcp        0      0 0.0.0.0:51003           0.0.0.0:*               LISTEN      -                   . PID and program name not found.
Skipping line: tcp        0      0 0.0.0.0:7070            0.0.0.0:*               LISTEN      -                   . PID and program name not found.
Skipping line: tcp        0      0 0.0.0.0:43793           0.0.0.0:*               LISTEN      -                   . PID and program name not found.
Skipping line: tcp        0      0 127.0.0.1:631           0.0.0.0:*               LISTEN      -                   . PID and program name not found.
Skipping line: tcp        0      0 0.0.0.0:2049            0.0.0.0:*               LISTEN      -                   . PID and program name not found.
Skipping line: tcp        0      0 127.0.0.1:5939          0.0.0.0:*               LISTEN      -                   . PID and program name not found.
Skipping line: tcp6       0      0 :::41897                :::*                    LISTEN      -                   . PID and program name not found.
Skipping line: tcp6       0      0 :::37203                :::*                    LISTEN      -                   . PID and program name not found.
Skipping line: tcp6       0      0 :::111                  :::*                    LISTEN      -                   . PID and program name not found.
Skipping line: tcp6       0      0 ::1:631                 :::*                    LISTEN      -                   . PID and program name not found.
Skipping line: tcp6       0      0 :::34141                :::*                    LISTEN      -                   . PID and program name not found.
Skipping line: tcp6       0      0 :::43597                :::*                    LISTEN      -                   . PID and program name not found.
Skipping line: tcp6       0      0 :::2049                 :::*                    LISTEN      -                   . PID and program name not found.
Skipping line: tcp6       0      0 :::40021                :::*                    LISTEN      -                   . PID and program name not found.
All processes with open sockets killed.
PRABHU 1,26.83,55.56,32.534808569872894
surya False
high voltage
high voltage
PRABHU 1,26.72,55.56,32.534808569872894
surya False
high voltage
high voltage
PRABHU 1,26.72,55.56,32.67374812397029
PRABHU 1,26.77,55.56,32.238051374145634
surya False
high voltage
high voltage
PRABHU 1,26.83,55.56,32.238051374145634
surya False
high voltage
high voltage
PRABHU 1,26.77,55.56,33.61325145469584
surya False
high voltage
high voltage
PRABHU 1,26.77,55.56,32.503665574196134
PRABHU 1,26.77,55.56,32.503665574196134
PRABHU 1,26.77,55.56,33.0565664191284
PRABHU 1,26.72,55.56,32.5988412343526
surya False
high voltage
high voltage
PRABHU 1,26.77,55.56,32.5988412343526
surya False
high voltage
high voltage
PRABHU 1,26.77,55.56,32.54602371759757
PRABHU 1,26.77,55.56,33.204635787840154
PRABHU 1,26.72,55.56,33.204635787840154
surya False
high voltage
high voltage
PRABHU 1,26.83,55.56,31.616688231596292
surya False
high voltage
high voltage
PRABHU 1,26.83,55.56,32.70786370499832
PRABHU 1,26.83,55.56,32.70786370499832
PRABHU 1,26.77,55.56,32.27424650681786
surya False
high voltage
high voltage
PRABHU 1,26.83,55.56,32.74951541036174
surya False
high voltage
high voltage
PRABHU 1,26.77,55.56,32.74951541036174
surya False
high voltage
high voltage
PRABHU 1,26.83,55.56,32.956808389881004
surya False
high voltage
high voltage
PRABHU 1,26.72,55.56,32.486749920995734
surya False
high voltage
high voltage
PRABHU 1,26.72,55.56,32.486749920995734
PRABHU 1,26.77,55.56,32.693907994691536
surya False
high voltage
high voltage
PRABHU 1,26.77,55.56,32.21729420555787
PRABHU 1,26.72,55.56,32.21729420555787
surya False
high voltage
high voltage
PRABHU 1,26.77,55.56,34.124501853183546
surya False
high voltage
high voltage
PRABHU 1,26.72,55.56,33.60392192396047
surya False
high voltage
high voltage
PRABHU 1,26.77,55.56,33.60392192396047
surya False
high voltage
high voltage
PRABHU 1,26.83,55.56,32.79755935585585
surya False
high voltage
high voltage
PRABHU 1,26.77,55.56,32.236713943796715
surya False
high voltage
high voltage
PRABHU 1,26.77,55.56,32.236713943796715
PRABHU 1,26.72,55.56,39.88100437202556
surya False
high voltage
high voltage
PRABHU 1,26.83,55.56,33.12057897225811
surya False
high voltage
high voltage
Listening at ('0.0.0.0', 8000)
PRABHU 1,26.77,55.56,32.24227927207836
surya False
high voltage
high voltage
PRABHU 1,26.77,55.56,32.24227927207836
PRABHU 1,26.77,55.56,32.35513031481199
PRABHU 1,26.77,55.56,32.01160224673448
PRABHU 1,26.77,55.56,32.01160224673448
PRABHU 1,26.77,55.56,32.731387342619975
PRABHU 1,26.77,55.56,32.494880494505196
PRABHU 1,26.72,55.56,32.494880494505196
surya False
high voltage
high voltage
PRABHU 1,26.83,55.56,32.388140758842646
surya False
high voltage
high voltage
PRABHU 1,26.77,55.56,32.50199152140465
surya False
high voltage
high voltage
PRABHU 1,26.56,55.56,32.50199152140465
surya False
high voltage
high voltage
PRABHU 1,26.72,55.56,31.64816824006849
surya False
high voltage
high voltage
PRABHU 1,26.77,55.56,31.606336249101673
surya False
high voltage
high voltage
PRABHU 1,26.83,55.56,31.606336249101673
surya False
high voltage
high voltage
PRABHU 1,26.77,55.56,30.803681230329474
surya False
high voltage
high voltage
PRABHU 1,26.66,55.56,31.847673127893188
surya False
high voltage
high voltage
PRABHU 1,26.66,55.56,31.847673127893188
PRABHU 1,26.61,55.56,32.37365670380532
surya False
high voltage
high voltage
PRABHU 1,26.66,55.56,34.731263135538505
surya False
high voltage
high voltage
PRABHU 1,26.83,55.56,34.731263135538505
surya False
high voltage
high voltage
PRABHU 1,26.66,55.56,31.50704334147704
surya False
high voltage
high voltage
PRABHU 1,26.77,55.56,30.93457348026567
surya False
high voltage
high voltage
PRABHU 1,26.23,55.56,30.93457348026567
surya False
high voltage
high voltage
PRABHU 1,26.66,55.56,34.54966521270883
surya False
high voltage
high voltage
PRABHU 1,26.61,55.56,34.54966521270883
surya False
high voltage
high voltage
PRABHU 1,26.56,55.56,33.8167174280121
surya False
high voltage
high voltage
PRABHU 1,26.56,55.56,34.915629142689696
PRABHU 1,26.56,55.56,34.915629142689696
PRABHU 1,26.77,55.56,30.198687618751734
surya False
high voltage
high voltage
PRABHU 1,26.77,55.56,33.49756530420878
PRABHU 1,26.77,55.56,33.49756530420878
PRABHU 1,26.77,55.56,32.503665574196134
PRABHU 1,26.72,55.56,32.73441235316724
surya False
high voltage
high voltage
PRABHU 1,26.77,55.56,32.73441235316724
surya False
high voltage
high voltage
PRABHU 1,26.72,55.56,32.65696530673027
surya False
high voltage
high voltage
PRABHU 1,26.72,55.56,32.98826732714411
PRABHU 1,26.72,55.56,32.98826732714411
PRABHU 1,26.72,55.56,33.492283210128996
PRABHU 1,26.77,55.56,41.13241493390112
surya False
high voltage
high voltage
PRABHU 1,26.18,55.56,41.13241493390112
surya False
high voltage
high voltage
PRABHU 1,26.45,55.56,31.437913534443947
surya False
high voltage
high voltage
PRABHU 1,26.66,55.56,5.52754026345815
surya False
high voltage
high voltage
PRABHU 1,26.56,55.56,5.52754026345815
surya False
high voltage
high voltage
PRABHU 1,26.77,55.56,17.773751379765095
surya False
high voltage
high voltage
PRABHU 1,26.77,55.56,34.35539905674369
PRABHU 1,26.77,55.56,34.35539905674369
PRABHU 1,26.56,55.56,32.362300452745245
surya False
high voltage
high voltage
PRABHU 1,26.39,55.56,29.142937224690122
surya False
high voltage
high voltage
PRABHU 1,26.61,55.56,29.142937224690122
surya False
high voltage
high voltage
PRABHU 1,26.12,55.56,41.523655549011394
surya False
high voltage
high voltage
PRABHU 1,26.72,55.56,38.242676893299645
surya False
high voltage
high voltage
PRABHU 1,26.77,55.56,38.242676893299645
surya False
high voltage
high voltage
PRABHU 1,26.77,55.56,31.776506847023416
PRABHU 1,26.77,55.56,31.011840530333217
PRABHU 1,26.77,55.56,31.011840530333217
PRABHU 1,26.23,55.56,31.3014708700085
surya False
high voltage
high voltage
PRABHU 1,26.01,55.56,29.50938232849212
surya False
high voltage
high voltage
PRABHU 1,26.39,55.56,29.50938232849212
surya False
high voltage
high voltage
PRABHU 1,26.23,55.56,30.849852143245904
surya False
high voltage
high voltage
PRABHU 1,26.34,55.56,22.935451689253306
surya False
high voltage
high voltage
PRABHU 1,25.47,55.56,22.935451689253306
surya False
low voltage
high voltage
PRABHU 1,26.12,55.56,18.377044396017425
surya False
high voltage
high voltage
PRABHU 1,25.36,55.56,12.154974894846674
surya False
low voltage
high voltage
PRABHU 1,26.12,55.56,12.154974894846674
surya False
high voltage
high voltage
PRABHU 1,26.77,55.56,14.480173638127269
surya False
high voltage
high voltage
PRABHU 1,26.72,55.56,14.390737656289243
surya False
high voltage
high voltage
PRABHU 1,26.77,55.56,14.390737656289243
surya False
high voltage
high voltage
PRABHU 1,26.72,55.56,15.45493508485238
surya False
high voltage
high voltage
PRABHU 1,26.72,55.56,14.339128967539832
PRABHU 1,26.77,55.56,14.339128967539832
surya False
high voltage
high voltage
PRABHU 1,26.77,55.56,13.729039712826491
PRABHU 1,26.28,55.56,355.2099514759326
surya False
high voltage
high voltage
PRABHU 1,26.34,55.56,355.2099514759326
surya False
high voltage
high voltage
PRABHU 1,26.39,55.56,25.082183461785284
surya False
high voltage
high voltage
PRABHU 1,26.28,55.56,29.736560690781005
surya False
high voltage
high voltage
PRABHU 1,26.12,55.56,29.736560690781005
surya False
high voltage
high voltage
PRABHU 1,26.77,55.56,41.420698904570024
surya False
high voltage
high voltage
PRABHU 1,26.72,55.56,19.364086053686663
surya False
high voltage
high voltage
PRABHU 1,26.72,55.56,19.364086053686663
PRABHU 1,26.77,55.56,32.75083706100902
surya False
high voltage
high voltage
PRABHU 1,26.72,55.56,32.36984978534794
surya False
high voltage
high voltage
PRABHU 1,26.72,55.56,32.36984978534794
PRABHU 1,26.77,55.56,32.36933763541733
surya False
high voltage
high voltage
PRABHU 1,26.72,55.56,33.15971348554771
surya False
high voltage
high voltage
PRABHU 1,26.77,55.56,33.15971348554771
surya False
high voltage
high voltage
PRABHU 1,26.72,55.56,32.482485297937245
surya False
high voltage
high voltage
PRABHU 1,26.77,55.56,34.67601373050401
surya False
high voltage
high voltage
PRABHU 1,26.56,55.56,34.67601373050401
surya False
high voltage
high voltage
PRABHU 1,25.90,55.56,27.14941074348456
surya False
low voltage
high voltage
PRABHU 1,26.45,55.56,29.96845740934041
surya False
high voltage
high voltage
PRABHU 1,26.45,55.56,29.96845740934041
PRABHU 1,26.39,55.56,22.009650700727025
surya False
high voltage
high voltage
PRABHU 1,26.72,55.56,27.198111551264294
surya False
high voltage
high voltage
PRABHU 1,26.72,55.56,21.081445830523982
PRABHU 1,26.72,55.56,21.081445830523982
PRABHU 1,26.72,55.56,21.28290448498082
PRABHU 1,26.45,55.56,30.927789873579048
surya False
high voltage
high voltage
PRABHU 1,25.52,55.56,30.927789873579048
surya False
low voltage
high voltage
PRABHU 1,26.72,55.56,23.862196638676686
surya False
high voltage
high voltage
PRABHU 1,26.77,55.56,26.334048137309356
surya False
high voltage
high voltage
PRABHU 1,26.66,55.56,26.334048137309356
surya False
high voltage
high voltage
PRABHU 1,26.66,55.56,26.75548902895211
PRABHU 1,26.77,55.56,26.01306582965516
surya False
high voltage
high voltage
PRABHU 1,26.77,55.56,26.01306582965516
PRABHU 1,26.77,55.56,26.643609963753935
PRABHU 1,26.39,55.56,17.892257890733827
surya False
high voltage
high voltage
PRABHU 1,26.45,55.56,17.892257890733827
surya False
high voltage
high voltage
PRABHU 1,25.90,55.56,38.18282467959254
surya False
low voltage
high voltage
PRABHU 1,25.96,55.56,25.918460370342707
surya False
low voltage
high voltage
PRABHU 1,26.45,55.56,25.918460370342707
surya False
high voltage
high voltage
PRABHU 1,26.34,55.56,25.694770075009558
surya False
high voltage
high voltage
PRABHU 1,26.77,55.56,27.223253121526742
surya False
high voltage
high voltage
PRABHU 1,26.72,55.56,27.223253121526742
surya False
high voltage
high voltage
PRABHU 1,26.66,55.56,28.165907438796932
surya False
high voltage
high voltage
PRABHU 1,26.72,55.56,28.47086284330152
surya False
high voltage
high voltage
PRABHU 1,26.72,55.56,28.47086284330152
PRABHU 1,26.77,55.56,27.249649403953224
surya False
high voltage
high voltage
PRABHU 1,26.77,55.56,28.048454751664817
PRABHU 1,26.77,55.56,28.048454751664817
PRABHU 1,26.45,55.56,28.356018766678396
surya False
high voltage
high voltage
PRABHU 1,26.50,55.56,36.5367974223767
surya False
high voltage
high voltage
PRABHU 1,26.34,55.56,36.5367974223767
surya False
high voltage
high voltage
PRABHU 1,26.56,55.56,26.331583219076855
surya False
high voltage
high voltage
PRABHU 1,26.72,55.56,29.951301374025213
surya False
high voltage
high voltage
PRABHU 1,26.72,55.56,29.951301374025213
PRABHU 1,25.90,55.56,22.94181567047756
surya False
low voltage
high voltage
PRABHU 1,26.56,55.56,16.01602052671824
surya False
high voltage
high voltage
PRABHU 1,26.45,55.56,16.01602052671824
surya False
high voltage
high voltage
PRABHU 1,26.77,55.56,30.97032858817154
surya False
high voltage
high voltage
PRABHU 1,26.61,55.56,20.407150085025876
surya False
high voltage
high voltage
PRABHU 1,26.72,55.56,20.407150085025876
surya False
high voltage
high voltage
PRABHU 1,26.77,55.56,26.35618382002419
surya False
high voltage
high voltage
PRABHU 1,26.72,55.56,25.150559554656567
surya False
high voltage
high voltage
PRABHU 1,26.66,55.56,25.150559554656567
surya False
high voltage
high voltage
PRABHU 1,26.77,55.56,25.31689795621614
surya False
high voltage
high voltage
PRABHU 1,26.72,55.56,26.05376069747747
surya False
high voltage
high voltage
PRABHU 1,26.77,55.56,26.05376069747747
surya False
high voltage
high voltage
PRABHU 1,26.72,55.56,25.25944719544782
surya False
high voltage
high voltage
PRABHU 1,26.72,55.56,26.44252966429899
PRABHU 1,26.72,55.56,26.44252966429899
PRABHU 1,26.72,55.56,26.517965097833418
PRABHU 1,26.77,55.56,25.544571647819637
surya False
high voltage
high voltage
PRABHU 1,26.77,55.56,25.544571647819637
PRABHU 1,26.72,55.56,26.38504777649589
surya False
high voltage
high voltage
PRABHU 1,26.66,55.56,25.609143811743643
surya False
high voltage
high voltage
PRABHU 1,26.77,55.56,25.609143811743643
surya False
high voltage
high voltage
PRABHU 1,26.72,55.56,25.59012437477476
surya False
high voltage
high voltage
PRABHU 1,26.77,55.56,26.81683808626007
surya False
high voltage
high voltage
PRABHU 1,26.77,55.56,26.81683808626007
PRABHU 1,26.72,55.56,25.655904329923963
surya False
high voltage
high voltage
PRABHU 1,26.77,55.56,25.421498279581648
surya False
high voltage
high voltage
PRABHU 1,26.72,55.56,25.421498279581648
surya False
high voltage
high voltage
PRABHU 1,26.77,55.56,25.677408953734385
surya False
high voltage
high voltage
PRABHU 1,26.72,55.56,25.88875001809005
surya False
high voltage
high voltage
PRABHU 1,26.72,55.56,25.88875001809005
PRABHU 1,26.61,55.56,49.26806037568453
surya False
high voltage
high voltage
PRABHU 1,26.34,55.56,356.6884338467548
surya False
high voltage
high voltage
PRABHU 1,26.28,55.56,356.6884338467548
surya False
high voltage
high voltage
PRABHU 1,26.50,55.56,13.616431261619889
surya False
high voltage
high voltage
PRABHU 1,26.56,55.56,15.694445618262177
surya False
high voltage
high voltage
PRABHU 1,26.50,55.56,15.694445618262177
surya False
high voltage
high voltage
PRABHU 1,26.23,55.56,31.41999835026555
surya False
high voltage
high voltage
PRABHU 1,26.66,55.56,40.1246811593593
surya False
high voltage
high voltage
PRABHU 1,26.56,55.56,40.1246811593593
surya False
high voltage
high voltage
PRABHU 1,26.56,55.56,0.3943971110980442
PRABHU 1,26.45,55.56,15.87421762023832
surya False
high voltage
high voltage
PRABHU 1,26.34,55.56,15.87421762023832
surya False
high voltage
high voltage
PRABHU 1,26.07,55.56,26.514458326110173
surya False
high voltage
high voltage
PRABHU 1,26.61,55.56,26.079328570929274
surya False
high voltage
high voltage
PRABHU 1,26.18,55.56,26.079328570929274
surya False
high voltage
high voltage
PRABHU 1,26.66,55.56,32.93110210257342
surya False
high voltage
high voltage
PRABHU 1,26.72,55.56,26.560785155966236
surya False
high voltage
high voltage
PRABHU 1,26.77,55.56,26.560785155966236
surya False
high voltage
high voltage
PRABHU 1,26.77,55.56,27.047695251453202
PRABHU 1,26.50,55.56,33.02486171031407
surya False
high voltage
high voltage
PRABHU 1,26.50,55.56,33.02486171031407
PRABHU 1,26.07,55.56,26.930182966736993
surya False
high voltage
high voltage
PRABHU 1,26.28,55.56,23.98197120275222
surya False
high voltage
high voltage
PRABHU 1,26.39,55.56,23.98197120275222
surya False
high voltage
high voltage
PRABHU 1,26.72,55.56,20.537602422955864
surya False
high voltage
high voltage
PRABHU 1,26.28,55.56,20.537602422955864
surya False
high voltage
high voltage
PRABHU 1,26.34,55.56,34.21212178084653
surya False
high voltage
high voltage
PRABHU 1,26.61,55.56,12.848685714346122
surya False
high voltage
high voltage
PRABHU 1,26.12,55.56,12.848685714346122
surya False
high voltage
high voltage
PRABHU 1,26.77,55.56,27.038913544052875
surya False
high voltage
high voltage
PRABHU 1,26.77,55.56,19.676878910870546
PRABHU 1,26.34,55.56,19.676878910870546
surya False
high voltage
high voltage
PRABHU 1,25.96,55.56,55.686723104217265
surya False
low voltage
high voltage
PRABHU 1,26.50,55.56,42.315353106656005
surya False
high voltage
high voltage
PRABHU 1,26.77,55.56,42.315353106656005
surya False
high voltage
high voltage
PRABHU 1,26.72,55.56,30.313055689734732
surya False
high voltage
high voltage
PRABHU 1,26.72,55.56,29.932267119498906
PRABHU 1,26.72,55.56,29.932267119498906
PRABHU 1,26.66,55.56,31.180526959289693
surya False
high voltage
high voltage
PRABHU 1,26.77,55.56,31.229801838125525
surya False
high voltage
high voltage
PRABHU 1,26.77,55.56,31.229801838125525
PRABHU 1,26.72,55.56,30.306074146872053
surya False
high voltage
high voltage
PRABHU 1,26.77,55.56,30.43167517526532
surya False
high voltage
high voltage
PRABHU 1,26.77,55.56,30.43167517526532
PRABHU 1,26.72,55.56,30.2269032336721
surya False
high voltage
high voltage
PRABHU 1,26.72,55.56,29.8741485401359
PRABHU 1,26.72,55.56,29.8741485401359
PRABHU 1,26.72,55.56,31.02825042110134
PRABHU 1,26.66,55.56,30.43492289532412
surya False
high voltage
high voltage
PRABHU 1,26.72,55.56,30.43492289532412
surya False
high voltage
high voltage
PRABHU 1,26.77,55.56,29.60406892378587
surya False
high voltage
high voltage
PRABHU 1,26.77,55.56,30.161459519891
PRABHU 1,26.77,55.56,30.161459519891
PRABHU 1,26.77,55.56,30.49848752818842
PRABHU 1,26.77,55.56,29.81332348135553
PRABHU 1,26.72,55.56,29.81332348135553
surya False
high voltage
high voltage
PRABHU 1,26.77,55.56,30.50090762248565
surya False
high voltage
high voltage
PRABHU 1,26.77,55.56,30.669010605216048
PRABHU 1,26.77,55.56,30.669010605216048
PRABHU 1,26.66,55.56,29.87848100947676
surya False
high voltage
high voltage
PRABHU 1,26.45,55.56,33.7389914810564
surya False
high voltage
high voltage
PRABHU 1,26.45,55.56,34.51857419143376
PRABHU 1,26.61,55.56,34.51857419143376
surya False
high voltage
high voltage
PRABHU 1,26.45,55.56,37.06149842224953
surya False
high voltage
high voltage
PRABHU 1,26.50,55.56,35.96569908721177
surya False
high voltage
high voltage
PRABHU 1,26.45,55.56,35.96569908721177
surya False
high voltage
high voltage
PRABHU 1,26.45,55.56,35.07043873600284
PRABHU 1,26.45,55.56,37.57425665173863
PRABHU 1,26.50,55.56,37.57425665173863
surya False
high voltage
high voltage
PRABHU 1,26.45,55.56,37.69896711023271
surya False
high voltage
high voltage
PRABHU 1,26.34,55.56,38.24658002571143
surya False
high voltage
high voltage
PRABHU 1,26.23,55.56,38.24658002571143
surya False
high voltage
high voltage
PRABHU 1,26.07,55.56,38.83797182705258
surya False
high voltage
high voltage
PRABHU 1,25.47,55.56,48.36478308761848
surya False
low voltage
high voltage
PRABHU 1,25.52,55.56,48.36478308761848
surya False
low voltage
high voltage
PRABHU 1,25.58,55.56,47.78460414107883
surya False
low voltage
high voltage
PRABHU 1,26.72,55.56,30.2269032336721
surya False
high voltage
high voltage
PRABHU 1,26.72,55.56,30.2269032336721
PRABHU 1,26.77,55.56,30.537466755190703
surya False
high voltage
high voltage
PRABHU 1,26.72,55.56,30.326014871955735
surya False
high voltage
high voltage
PRABHU 1,26.72,55.56,30.326014871955735
PRABHU 1,26.77,55.56,30.579843666907063
surya False
high voltage
high voltage
PRABHU 1,26.77,55.56,31.200191346855085
PRABHU 1,26.66,55.56,31.200191346855085
surya False
high voltage
high voltage
PRABHU 1,26.72,55.56,30.62882444918667
surya False
high voltage
high voltage
PRABHU 1,26.77,55.56,30.435305403894876
surya False
high voltage
high voltage
PRABHU 1,26.77,55.56,30.435305403894876
PRABHU 1,26.72,55.56,30.78322921648184
surya False
high voltage
high voltage
PRABHU 1,26.72,55.56,30.875201435832675
PRABHU 1,26.66,55.56,30.875201435832675
surya False
high voltage
high voltage
PRABHU 1,26.77,55.56,30.388741997367333
surya False
high voltage
high voltage
PRABHU 1,26.72,55.56,30.94651358987404
surya False
high voltage
high voltage
PRABHU 1,26.66,55.56,30.94651358987404
surya False
high voltage
high voltage
PRABHU 1,26.77,55.56,31.4083661863762
surya False
high voltage
high voltage
PRABHU 1,26.77,55.56,30.54733368833059
PRABHU 1,26.66,55.56,30.3287477746117
surya False
high voltage
high voltage
PRABHU 1,26.72,55.56,30.3287477746117
surya False
high voltage
high voltage
PRABHU 1,26.77,55.56,30.23471679018479
surya False
high voltage
high voltage
PRABHU 1,26.72,55.56,31.25187259624918
surya False
high voltage
high voltage
PRABHU 1,26.72,55.56,31.25187259624918
PRABHU 1,26.77,55.56,30.61973797637551
surya False
high voltage
high voltage
PRABHU 1,26.72,55.56,30.376375228052993
surya False
high voltage
high voltage
PRABHU 1,26.66,55.56,30.376375228052993
surya False
high voltage
high voltage
PRABHU 1,26.77,55.56,30.504410011548444
surya False
high voltage
high voltage
PRABHU 1,26.77,55.56,30.677902567558323
PRABHU 1,26.77,55.56,30.677902567558323
PRABHU 1,26.77,55.56,29.972760679057515
PRABHU 1,26.72,55.56,30.790409347912902
surya False
high voltage
high voltage
PRABHU 1,26.72,55.56,30.790409347912902
PRABHU 1,26.77,55.56,31.15218554798632
surya False
high voltage
high voltage
PRABHU 1,26.72,55.56,30.639739834500094
surya False
high voltage
high voltage
PRABHU 1,26.77,55.56,30.639739834500094
surya False
high voltage
high voltage
PRABHU 1,26.77,55.56,30.33308337643273
PRABHU 1,26.77,55.56,30.83062740686632
PRABHU 1,26.72,55.56,30.83062740686632
surya False
high voltage
high voltage
PRABHU 1,26.77,55.56,30.263020787636858
surya False
high voltage
high voltage
PRABHU 1,26.66,55.56,30.26566710904084
surya False
high voltage
high voltage
PRABHU 1,26.72,55.56,30.26566710904084
surya False
high voltage
high voltage
PRABHU 1,26.77,55.56,31.271348216053802
surya False
high voltage
high voltage
PRABHU 1,26.66,55.56,31.107934383099643
surya False
high voltage
high voltage
PRABHU 1,26.77,55.56,31.107934383099643
surya False
high voltage
high voltage
PRABHU 1,26.66,55.56,30.1414174736155
surya False
high voltage
high voltage
PRABHU 1,26.66,55.56,30.61973797637551
PRABHU 1,26.72,55.56,30.61973797637551
surya False
high voltage
high voltage
PRABHU 1,26.72,55.56,30.77041168606057
PRABHU 1,26.66,55.56,30.819329673507607
surya False
high voltage
high voltage
PRABHU 1,26.66,55.56,30.819329673507607
PRABHU 1,26.77,55.56,30.314497390926743
surya False
high voltage
high voltage
PRABHU 1,26.72,55.56,31.21869987652637
surya False
high voltage
high voltage
PRABHU 1,26.77,55.56,31.21869987652637
surya False
high voltage
high voltage
PRABHU 1,26.77,55.56,31.479749852426686
PRABHU 1,26.72,55.56,30.48227152342221
surya False
high voltage
high voltage
PRABHU 1,26.72,55.56,30.48227152342221
PRABHU 